[www.mervynupton.co.uk/index.html]
[backblue.gif]
[fade.gif]
[index.html]
[www.mervynupton.co.uk/films.html]
[www.mervynupton.co.uk/writing/index.html]
[www.mervynupton.co.uk/films/index.html]
[www.mervynupton.co.uk/memories/index.html]
[www.mervynupton.co.uk/writing.html]
[www.mervynupton.co.uk/index.html]
[www.mervynupton.co.uk/memories.html]
[www.mervynupton.co.uk/childhood-school-days.html]
[www.mervynupton.co.uk/mervyns-war-years.html]
[www.mervynupton.co.uk/national-service.html]
[www.mervynupton.co.uk/college-years.html]
[www.mervynupton.co.uk/career-years.html]
[www.mervynupton.co.uk/mervyns-memories-of-friends.html]
[www.mervynupton.co.uk/local-community.html]
[www.mervynupton.co.uk/mervyns-memories-of-eastville-park-methodist-church.html]
[www.mervynupton.co.uk/mervyns-hobbies.html]
[www.mervynupton.co.uk/mervyns-memories-of-holidays-over-the-years.html]
[www.mervynupton.co.uk/writing/index.html]
[www.mervynupton.co.uk/celebrations.html]
[www.mervynupton.co.uk/other-memories.html]
[www.mervynupton.co.uk/films/_/www.youtube.com/embed/re8nDBieKIo.128344.delayed]
[www.mervynupton.co.uk/films/_/www.youtube.com/embed/3wiIe_RPw1Q.148344.delayed]
[www.mervynupton.co.uk/films/_/www.youtube.com/embed/S6KqmTzflNw.168344.delayed]
[www.mervynupton.co.uk/films/_/www.youtube.com/embed/jjEuJLaAWeY.188344.delayed]
[www.mervynupton.co.uk/films/_/www.youtube.com/embed/aY6G3oc2ixQ.1a8344.delayed]
[www.mervynupton.co.uk/films/_/www.youtube.com/embed/_hVGRtqD79s.1c8344.delayed]
[www.mervynupton.co.uk/films/_/www.youtube.com/embed/yxVSECxSCGo.1e8344.delayed]
[www.mervynupton.co.uk/films/_/www.youtube.com/embed/AJ-Ms4TMCQ0.208344.delayed]
[www.mervynupton.co.uk/films/_/www.youtube.com/embed/a4Yd8g--G-I.228344.delayed]
[www.mervynupton.co.uk/films/_/www.youtube.com/embed/2zno8HaTD_o.248344.delayed]
[www.mervynupton.co.uk/films/_/www.youtube.com/embed/cYGSb0ooxvs.268344.delayed]
[www.mervynupton.co.uk/films/_/www.youtube.com/embed/3_6znYKGss8.288344.delayed]
[www.mervynupton.co.uk/films/_/www.youtube.com/embed/Dw85-am4tM0.2a8344.delayed]
[www.mervynupton.co.uk/films/_/www.youtube.com/embed/6MF5ktIcU7I.2c8344.delayed]
[www.mervynupton.co.uk/films/_/www.youtube.com/embed/PflH4hSzEgY.2e8344.delayed]
[www.mervynupton.co.uk/films/_/www.youtube.com/embed/deEnnj5zIS4.30fbd8.delayed]
[www.mervynupton.co.uk/films/_/www.youtube.com/embed/B0VpFsHN1zk.328344.delayed]
[www.mervynupton.co.uk/films/_/www.youtube.com/embed/Sp6UguF7F58.348344.delayed]
[www.mervynupton.co.uk/films/_/www.youtube.com/embed/8jzhdqAhjtE.368344.delayed]
[www.mervynupton.co.uk/films/_/www.youtube.com/embed/oW7HYDJ6LkM.388344.delayed]
[www.mervynupton.co.uk/films/_/www.youtube.com/embed/6VM0gWnmfxA.3a8344.delayed]
[www.mervynupton.co.uk/films/_/www.youtube.com/embed/A5ItIQ61a0g.3c8344.delayed]
[www.mervynupton.co.uk/films/_/www.youtube.com/embed/a5XC8yxNBco.3e8344.delayed]
[www.mervynupton.co.uk/films/_/www.youtube.com/embed/67rj-L8g1CE.408344.delayed]
[www.mervynupton.co.uk/films/_/www.youtube.com/embed/iOxG94RkZvc.428344.delayed]
[www.mervynupton.co.uk/films/_/www.youtube.com/embed/Srw76nhUOTY.448344.delayed]
[www.mervynupton.co.uk/films/_/www.youtube.com/embed/10eNmtri1o4.468344.delayed]
[www.mervynupton.co.uk/films/_/www.youtube.com/embed/dEcH4XbWbCY.488344.delayed]
[www.mervynupton.co.uk/films/_/www.youtube.com/embed/6YXWo_EWBV4.4a8344.delayed]
[www.mervynupton.co.uk/films/_/www.youtube.com/embed/JbV8pv0uyzE.4c8344.delayed]
[www.mervynupton.co.uk/films/_/www.youtube.com/embed/dobEhXQP658.4e8344.delayed]
[www.mervynupton.co.uk/films/_/www.youtube.com/embed/cfy0VfMgeqU.508344.delayed]
[www.mervynupton.co.uk/films/_/www.youtube.com/embed/QPGlSP0dbno.52c537.delayed]
[www.mervynupton.co.uk/films/_/www.youtube.com/embed/qemMH6iNGbw.548344.delayed]
[www.mervynupton.co.uk/films/_/www.youtube.com/embed/Igqf8sAskaw.568344.delayed]
[www.mervynupton.co.uk/films/_/www.youtube.com/embed/NlSvaP38lv0.588344.delayed]
[www.mervynupton.co.uk/films/_/www.youtube.com/embed/2A6-ZvuKo0o.5a8344.delayed]
[www.mervynupton.co.uk/films/_/www.youtube.com/embed/aGXOepwunsY.5c8344.delayed]
[www.mervynupton.co.uk/films/_/www.youtube.com/embed/GraVRHuGWnE.5e8344.delayed]
[www.mervynupton.co.uk/films/_/www.youtube.com/embed/tAjCQKpicq0.608344.delayed]
[www.mervynupton.co.uk/films/_/www.youtube.com/embed/Ogm2MSDgkWI.628344.delayed]
[www.mervynupton.co.uk/films/_/www.youtube.com/embed/WTZW5E1cbJo.648344.delayed]
[www.mervynupton.co.uk/films/_/www.youtube.com/embed/p-xqprfKI2c.668344.delayed]
[www.mervynupton.co.uk/films/_/www.youtube.com/embed/ybsX_I-6h9I.688344.delayed]
[www.mervynupton.co.uk/films/_/www.youtube.com/embed/6_K2Xag7uZw.6a8344.delayed]
[www.mervynupton.co.uk/films/_/www.youtube.com/embed/mXGwGNCyK0Y.6c8344.delayed]
[www.mervynupton.co.uk/films/_/www.youtube.com/embed/PBCm0j2DlW8.6e8344.delayed]
[www.mervynupton.co.uk/films/_/www.youtube.com/embed/AU2ueUADlk0.708344.delayed]
[www.mervynupton.co.uk/films/_/www.youtube.com/embed/_47RdR72wjU.728344.delayed]
[www.mervynupton.co.uk/films/_/www.youtube.com/embed/E2JAoqAYudI.748344.delayed]
[www.mervynupton.co.uk/films/_/www.youtube.com/embed/Fb6MIn7TFDE.768344.delayed]
[www.mervynupton.co.uk/films/_/www.youtube.com/embed/4YERhkcXQ38.788344.delayed]
[www.mervynupton.co.uk/films/_/www.youtube.com/embed/IBVPt8rRmDQ.7a8344.delayed]
[www.mervynupton.co.uk/films/_/www.youtube.com/embed/9fpDajVaQBc.7c8344.delayed]
[www.mervynupton.co.uk/films/_/www.youtube.com/embed/Eo3OIbOQM3s.7e2420.delayed]
[www.mervynupton.co.uk/films/_/www.youtube.com/embed/Y6XNKpzVl3A.808344.delayed]
[www.mervynupton.co.uk/films/_/www.youtube.com/embed/lvwo79gdncw.828344.delayed]
[www.mervynupton.co.uk/films/index.html]
[www.mervynupton.co.uk/memories/index.html]
[www.mervynupton.co.uk/_/www.youtube.com/embed/LDrc95sjxK4.838344.delayed]
[www.mervynupton.co.uk/_/www.youtube.com/embed/re8nDBieKIo.848344.delayed]
[www.mervynupton.co.uk/_/www.youtube.com/embed/3wiIe_RPw1Q.858344.delayed]
[www.mervynupton.co.uk/_/www.youtube.com/embed/S6KqmTzflNw.868344.delayed]
[www.mervynupton.co.uk/_/www.youtube.com/embed/jjEuJLaAWeY.878344.delayed]
[www.mervynupton.co.uk/_/www.youtube.com/embed/aY6G3oc2ixQ.888344.delayed]
[www.mervynupton.co.uk/_/www.youtube.com/embed/_hVGRtqD79s.898344.delayed]
[www.mervynupton.co.uk/_/www.youtube.com/embed/yxVSECxSCGo.8a8344.delayed]
[www.mervynupton.co.uk/_/www.youtube.com/embed/AJ-Ms4TMCQ0.8b8344.delayed]
[www.mervynupton.co.uk/_/www.youtube.com/embed/a4Yd8g--G-I.8c8344.delayed]
[www.mervynupton.co.uk/_/www.youtube.com/embed/2zno8HaTD_o.8d8344.delayed]
[www.mervynupton.co.uk/_/www.youtube.com/embed/cYGSb0ooxvs.8e8344.delayed]
[www.mervynupton.co.uk/_/www.youtube.com/embed/3_6znYKGss8.8f8344.delayed]
[www.mervynupton.co.uk/_/www.youtube.com/embed/Dw85-am4tM0.908344.delayed]
[www.mervynupton.co.uk/_/www.youtube.com/embed/6MF5ktIcU7I.918344.delayed]
[www.mervynupton.co.uk/_/www.youtube.com/embed/PflH4hSzEgY.928344.delayed]
[www.mervynupton.co.uk/_/www.youtube.com/embed/deEnnj5zIS4.93fbd8.delayed]
[www.mervynupton.co.uk/_/www.youtube.com/embed/B0VpFsHN1zk.948344.delayed]
[www.mervynupton.co.uk/_/www.youtube.com/embed/Sp6UguF7F58.958344.delayed]
[www.mervynupton.co.uk/_/www.youtube.com/embed/8jzhdqAhjtE.968344.delayed]
[www.mervynupton.co.uk/_/www.youtube.com/embed/oW7HYDJ6LkM.978344.delayed]
[www.mervynupton.co.uk/_/www.youtube.com/embed/6VM0gWnmfxA.988344.delayed]
[www.mervynupton.co.uk/_/www.youtube.com/embed/A5ItIQ61a0g.998344.delayed]
[www.mervynupton.co.uk/_/www.youtube.com/embed/a5XC8yxNBco.9a8344.delayed]
[www.mervynupton.co.uk/_/www.youtube.com/embed/67rj-L8g1CE.9b8344.delayed]
[www.mervynupton.co.uk/_/www.youtube.com/embed/iOxG94RkZvc.9c8344.delayed]
[www.mervynupton.co.uk/_/www.youtube.com/embed/Srw76nhUOTY.9d8344.delayed]
[www.mervynupton.co.uk/_/www.youtube.com/embed/10eNmtri1o4.9e8344.delayed]
[www.mervynupton.co.uk/_/www.youtube.com/embed/dEcH4XbWbCY.9f8344.delayed]
[www.mervynupton.co.uk/_/www.youtube.com/embed/6YXWo_EWBV4.a08344.delayed]
[www.mervynupton.co.uk/_/www.youtube.com/embed/JbV8pv0uyzE.a18344.delayed]
[www.mervynupton.co.uk/_/www.youtube.com/embed/dobEhXQP658.a28344.delayed]
[www.mervynupton.co.uk/_/www.youtube.com/embed/cfy0VfMgeqU.a38344.delayed]
[www.mervynupton.co.uk/_/www.youtube.com/embed/QPGlSP0dbno.a4c537.delayed]
[www.mervynupton.co.uk/_/www.youtube.com/embed/qemMH6iNGbw.a58344.delayed]
[www.mervynupton.co.uk/_/www.youtube.com/embed/Igqf8sAskaw.a68344.delayed]
[www.mervynupton.co.uk/_/www.youtube.com/embed/NlSvaP38lv0.a78344.delayed]
[www.mervynupton.co.uk/_/www.youtube.com/embed/2A6-ZvuKo0o.a88344.delayed]
[www.mervynupton.co.uk/_/www.youtube.com/embed/aGXOepwunsY.a98344.delayed]
[www.mervynupton.co.uk/_/www.youtube.com/embed/GraVRHuGWnE.aa8344.delayed]
[www.mervynupton.co.uk/_/www.youtube.com/embed/tAjCQKpicq0.ab8344.delayed]
[www.mervynupton.co.uk/_/www.youtube.com/embed/Ogm2MSDgkWI.ac8344.delayed]
[www.mervynupton.co.uk/_/www.youtube.com/embed/WTZW5E1cbJo.ad8344.delayed]
[www.mervynupton.co.uk/_/www.youtube.com/embed/p-xqprfKI2c.ae8344.delayed]
[www.mervynupton.co.uk/_/www.youtube.com/embed/ybsX_I-6h9I.af8344.delayed]
[www.mervynupton.co.uk/_/www.youtube.com/embed/6_K2Xag7uZw.b08344.delayed]
[www.mervynupton.co.uk/_/www.youtube.com/embed/mXGwGNCyK0Y.b18344.delayed]
[www.mervynupton.co.uk/_/www.youtube.com/embed/PBCm0j2DlW8.b28344.delayed]
[www.mervynupton.co.uk/_/www.youtube.com/embed/AU2ueUADlk0.b38344.delayed]
[www.mervynupton.co.uk/_/www.youtube.com/embed/_47RdR72wjU.b48344.delayed]
[www.mervynupton.co.uk/_/www.youtube.com/embed/E2JAoqAYudI.b58344.delayed]
[www.mervynupton.co.uk/_/www.youtube.com/embed/Fb6MIn7TFDE.b68344.delayed]
[www.mervynupton.co.uk/_/www.youtube.com/embed/4YERhkcXQ38.b78344.delayed]
[www.mervynupton.co.uk/_/www.youtube.com/embed/IBVPt8rRmDQ.b88344.delayed]
[www.mervynupton.co.uk/_/www.youtube.com/embed/9fpDajVaQBc.b98344.delayed]
[www.mervynupton.co.uk/_/www.youtube.com/embed/Eo3OIbOQM3s.ba2420.delayed]
[www.mervynupton.co.uk/_/www.youtube.com/embed/Y6XNKpzVl3A.bb8344.delayed]
[www.mervynupton.co.uk/_/www.youtube.com/embed/lvwo79gdncw.bc8344.delayed]
[www.mervynupton.co.uk/films.html]
[www.mervynupton.co.uk/writing.html]
[www.mervynupton.co.uk/memories.html]
[www.mervynupton.co.uk/childhood-school-days.html]
[www.mervynupton.co.uk/mervyns-war-years.html]
[www.mervynupton.co.uk/national-service.html]
[www.mervynupton.co.uk/college-years.html]
[www.mervynupton.co.uk/mervyns-war-years/index.html]
[www.mervynupton.co.uk/career-years.html]
[www.mervynupton.co.uk/childhood-school-days/index.html]
[www.mervynupton.co.uk/national-service/index.html]
[www.mervynupton.co.uk/college-years/index.html]
[www.mervynupton.co.uk/mervyns-memories-of-friends.html]
[www.mervynupton.co.uk/local-community.html]
[www.mervynupton.co.uk/mervyns-memories-of-eastville-park-methodist-church.html]
[www.mervynupton.co.uk/career-years/index.html]
[www.mervynupton.co.uk/mervyns-hobbies.html]
[www.mervynupton.co.uk/mervyns-memories-of-friends/index.html]
[www.mervynupton.co.uk/local-community/index.html]
[www.mervynupton.co.uk/mervyns-memories-of-eastville-park-methodist-church/index.html]
[www.mervynupton.co.uk/mervyns-memories-of-holidays-over-the-years.html]
[www.mervynupton.co.uk/celebrations.html]
[www.mervynupton.co.uk/other-memories.html]
[www.mervynupton.co.uk/mervyns-hobbies/index.html]
[www.mervynupton.co.uk/_/www.youtube.com/embed/LDrc95sjxK49ae1.html]
[www.mervynupton.co.uk/films/_/www.youtube.com/embed/LDrc95sjxK48344.html]
[www.mervynupton.co.uk/_/www.youtube.com/embed/re8nDBieKIo9ae1.html]
[www.mervynupton.co.uk/films/_/www.youtube.com/embed/re8nDBieKIo8344.html]
[www.mervynupton.co.uk/_/www.youtube.com/embed/3wiIe_RPw1Q9ae1.html]
[www.mervynupton.co.uk/films/_/www.youtube.com/embed/3wiIe_RPw1Q8344.html]
[www.mervynupton.co.uk/_/www.youtube.com/embed/S6KqmTzflNw9ae1.html]
[www.mervynupton.co.uk/films/_/www.youtube.com/embed/S6KqmTzflNw8344.html]
[www.mervynupton.co.uk/_/www.youtube.com/embed/jjEuJLaAWeY9ae1.html]
[www.mervynupton.co.uk/films/_/www.youtube.com/embed/jjEuJLaAWeY8344.html]
[www.mervynupton.co.uk/_/www.youtube.com/embed/aY6G3oc2ixQ9ae1.html]
[www.mervynupton.co.uk/films/_/www.youtube.com/embed/aY6G3oc2ixQ8344.html]
[www.mervynupton.co.uk/_/www.youtube.com/embed/_hVGRtqD79s9ae1.html]
[www.mervynupton.co.uk/films/_/www.youtube.com/embed/_hVGRtqD79s8344.html]
[www.mervynupton.co.uk/_/www.youtube.com/embed/yxVSECxSCGo9ae1.html]
[www.mervynupton.co.uk/films/_/www.youtube.com/embed/yxVSECxSCGo8344.html]
[www.mervynupton.co.uk/_/www.youtube.com/embed/AJ-Ms4TMCQ09ae1.html]
[www.mervynupton.co.uk/films/_/www.youtube.com/embed/AJ-Ms4TMCQ08344.html]
[www.mervynupton.co.uk/_/www.youtube.com/embed/a4Yd8g--G-I9ae1.html]
[www.mervynupton.co.uk/films/_/www.youtube.com/embed/a4Yd8g--G-I8344.html]
[www.mervynupton.co.uk/_/www.youtube.com/embed/2zno8HaTD_o9ae1.html]
[www.mervynupton.co.uk/films/_/www.youtube.com/embed/2zno8HaTD_o8344.html]
[www.mervynupton.co.uk/_/www.youtube.com/embed/cYGSb0ooxvs9ae1.html]
[www.mervynupton.co.uk/films/_/www.youtube.com/embed/cYGSb0ooxvs8344.html]
[www.mervynupton.co.uk/_/www.youtube.com/embed/3_6znYKGss89ae1.html]
[www.mervynupton.co.uk/films/_/www.youtube.com/embed/3_6znYKGss88344.html]
[www.mervynupton.co.uk/_/www.youtube.com/embed/Dw85-am4tM09ae1.html]
[www.mervynupton.co.uk/films/_/www.youtube.com/embed/Dw85-am4tM08344.html]
[www.mervynupton.co.uk/_/www.youtube.com/embed/6MF5ktIcU7I9ae1.html]
[www.mervynupton.co.uk/films/_/www.youtube.com/embed/6MF5ktIcU7I8344.html]
[www.mervynupton.co.uk/_/www.youtube.com/embed/PflH4hSzEgY9ae1.html]
[www.mervynupton.co.uk/films/_/www.youtube.com/embed/PflH4hSzEgY8344.html]
[www.mervynupton.co.uk/_/www.youtube.com/embed/deEnnj5zIS4bf17.html]
[www.mervynupton.co.uk/films/_/www.youtube.com/embed/deEnnj5zIS4fbd8.html]
[www.mervynupton.co.uk/_/www.youtube.com/embed/B0VpFsHN1zk9ae1.html]
[www.mervynupton.co.uk/films/_/www.youtube.com/embed/B0VpFsHN1zk8344.html]
[www.mervynupton.co.uk/_/www.youtube.com/embed/Sp6UguF7F589ae1.html]
[www.mervynupton.co.uk/films/_/www.youtube.com/embed/Sp6UguF7F588344.html]
[www.mervynupton.co.uk/_/www.youtube.com/embed/8jzhdqAhjtE9ae1.html]
[www.mervynupton.co.uk/films/_/www.youtube.com/embed/8jzhdqAhjtE8344.html]
[www.mervynupton.co.uk/_/www.youtube.com/embed/oW7HYDJ6LkM9ae1.html]
[www.mervynupton.co.uk/films/_/www.youtube.com/embed/oW7HYDJ6LkM8344.html]
[www.mervynupton.co.uk/_/www.youtube.com/embed/6VM0gWnmfxA9ae1.html]
[www.mervynupton.co.uk/films/_/www.youtube.com/embed/6VM0gWnmfxA8344.html]
[www.mervynupton.co.uk/_/www.youtube.com/embed/A5ItIQ61a0g9ae1.html]
[www.mervynupton.co.uk/films/_/www.youtube.com/embed/A5ItIQ61a0g8344.html]
[www.mervynupton.co.uk/_/www.youtube.com/embed/a5XC8yxNBco9ae1.html]
[www.mervynupton.co.uk/films/_/www.youtube.com/embed/a5XC8yxNBco8344.html]
[www.mervynupton.co.uk/_/www.youtube.com/embed/67rj-L8g1CE9ae1.html]
[www.mervynupton.co.uk/films/_/www.youtube.com/embed/67rj-L8g1CE8344.html]
[www.mervynupton.co.uk/_/www.youtube.com/embed/iOxG94RkZvc9ae1.html]
[www.mervynupton.co.uk/films/_/www.youtube.com/embed/iOxG94RkZvc8344.html]
[www.mervynupton.co.uk/_/www.youtube.com/embed/Srw76nhUOTY9ae1.html]
[www.mervynupton.co.uk/films/_/www.youtube.com/embed/Srw76nhUOTY8344.html]
[www.mervynupton.co.uk/_/www.youtube.com/embed/10eNmtri1o49ae1.html]
[www.mervynupton.co.uk/films/_/www.youtube.com/embed/10eNmtri1o48344.html]
[www.mervynupton.co.uk/_/www.youtube.com/embed/dEcH4XbWbCY9ae1.html]
[www.mervynupton.co.uk/films/_/www.youtube.com/embed/dEcH4XbWbCY8344.html]
[www.mervynupton.co.uk/_/www.youtube.com/embed/6YXWo_EWBV49ae1.html]
[www.mervynupton.co.uk/films/_/www.youtube.com/embed/6YXWo_EWBV48344.html]
[www.mervynupton.co.uk/_/www.youtube.com/embed/JbV8pv0uyzE9ae1.html]
[www.mervynupton.co.uk/films/_/www.youtube.com/embed/JbV8pv0uyzE8344.html]
[www.mervynupton.co.uk/_/www.youtube.com/embed/dobEhXQP6589ae1.html]
[www.mervynupton.co.uk/films/_/www.youtube.com/embed/dobEhXQP6588344.html]
[www.mervynupton.co.uk/_/www.youtube.com/embed/cfy0VfMgeqU9ae1.html]
[www.mervynupton.co.uk/films/_/www.youtube.com/embed/cfy0VfMgeqU8344.html]
[www.mervynupton.co.uk/_/www.youtube.com/embed/QPGlSP0dbnoadfc.html]
[www.mervynupton.co.uk/films/_/www.youtube.com/embed/QPGlSP0dbnoc537.html]
[www.mervynupton.co.uk/_/www.youtube.com/embed/qemMH6iNGbw9ae1.html]
[www.mervynupton.co.uk/films/_/www.youtube.com/embed/qemMH6iNGbw8344.html]
[www.mervynupton.co.uk/_/www.youtube.com/embed/Igqf8sAskaw9ae1.html]
[www.mervynupton.co.uk/films/_/www.youtube.com/embed/Igqf8sAskaw8344.html]
[www.mervynupton.co.uk/_/www.youtube.com/embed/NlSvaP38lv09ae1.html]
[www.mervynupton.co.uk/films/_/www.youtube.com/embed/NlSvaP38lv08344.html]
[www.mervynupton.co.uk/_/www.youtube.com/embed/2A6-ZvuKo0o9ae1.html]
[www.mervynupton.co.uk/films/_/www.youtube.com/embed/2A6-ZvuKo0o8344.html]
[www.mervynupton.co.uk/_/www.youtube.com/embed/aGXOepwunsY9ae1.html]
[www.mervynupton.co.uk/films/_/www.youtube.com/embed/aGXOepwunsY8344.html]
[www.mervynupton.co.uk/_/www.youtube.com/embed/GraVRHuGWnE9ae1.html]
[www.mervynupton.co.uk/films/_/www.youtube.com/embed/GraVRHuGWnE8344.html]
[www.mervynupton.co.uk/_/www.youtube.com/embed/tAjCQKpicq09ae1.html]
[www.mervynupton.co.uk/films/_/www.youtube.com/embed/tAjCQKpicq08344.html]
[www.mervynupton.co.uk/_/www.youtube.com/embed/Ogm2MSDgkWI9ae1.html]
[www.mervynupton.co.uk/films/_/www.youtube.com/embed/Ogm2MSDgkWI8344.html]
[www.mervynupton.co.uk/_/www.youtube.com/embed/WTZW5E1cbJo9ae1.html]
[www.mervynupton.co.uk/films/_/www.youtube.com/embed/WTZW5E1cbJo8344.html]
[www.mervynupton.co.uk/_/www.youtube.com/embed/p-xqprfKI2c9ae1.html]
[www.mervynupton.co.uk/films/_/www.youtube.com/embed/p-xqprfKI2c8344.html]
[www.mervynupton.co.uk/_/www.youtube.com/embed/ybsX_I-6h9I9ae1.html]
[www.mervynupton.co.uk/films/_/www.youtube.com/embed/ybsX_I-6h9I8344.html]
[www.mervynupton.co.uk/_/www.youtube.com/embed/6_K2Xag7uZw9ae1.html]
[www.mervynupton.co.uk/films/_/www.youtube.com/embed/6_K2Xag7uZw8344.html]
[www.mervynupton.co.uk/_/www.youtube.com/embed/mXGwGNCyK0Y9ae1.html]
[www.mervynupton.co.uk/films/_/www.youtube.com/embed/mXGwGNCyK0Y8344.html]
[www.mervynupton.co.uk/_/www.youtube.com/embed/PBCm0j2DlW89ae1.html]
[www.mervynupton.co.uk/films/_/www.youtube.com/embed/PBCm0j2DlW88344.html]
[www.mervynupton.co.uk/_/www.youtube.com/embed/AU2ueUADlk09ae1.html]
[www.mervynupton.co.uk/films/_/www.youtube.com/embed/AU2ueUADlk08344.html]
[www.mervynupton.co.uk/_/www.youtube.com/embed/_47RdR72wjU9ae1.html]
[www.mervynupton.co.uk/films/_/www.youtube.com/embed/_47RdR72wjU8344.html]
[www.mervynupton.co.uk/_/www.youtube.com/embed/E2JAoqAYudI9ae1.html]
[www.mervynupton.co.uk/films/_/www.youtube.com/embed/E2JAoqAYudI8344.html]
[www.mervynupton.co.uk/_/www.youtube.com/embed/Fb6MIn7TFDE9ae1.html]
[www.mervynupton.co.uk/films/_/www.youtube.com/embed/Fb6MIn7TFDE8344.html]
[www.mervynupton.co.uk/_/www.youtube.com/embed/4YERhkcXQ389ae1.html]
[www.mervynupton.co.uk/films/_/www.youtube.com/embed/4YERhkcXQ388344.html]
[www.mervynupton.co.uk/_/www.youtube.com/embed/IBVPt8rRmDQ9ae1.html]
[www.mervynupton.co.uk/films/_/www.youtube.com/embed/IBVPt8rRmDQ8344.html]
[www.mervynupton.co.uk/_/www.youtube.com/embed/9fpDajVaQBc9ae1.html]
[www.mervynupton.co.uk/films/_/www.youtube.com/embed/9fpDajVaQBc8344.html]
[www.mervynupton.co.uk/_/www.youtube.com/embed/Eo3OIbOQM3s8b0b.html]
[www.mervynupton.co.uk/films/_/www.youtube.com/embed/Eo3OIbOQM3s2420.html]
[www.mervynupton.co.uk/_/www.youtube.com/embed/Y6XNKpzVl3A9ae1.html]
[www.mervynupton.co.uk/films/_/www.youtube.com/embed/Y6XNKpzVl3A8344.html]
[www.mervynupton.co.uk/_/www.youtube.com/embed/lvwo79gdncw9ae1.html]
[www.mervynupton.co.uk/films/_/www.youtube.com/embed/lvwo79gdncw8344.html]
[www.mervynupton.co.uk/_/www.youtube.com/embed/LDrc95sjxK48344.html]
[www.mervynupton.co.uk/_/www.youtube.com/embed/re8nDBieKIo8344.html]
[www.mervynupton.co.uk/_/www.youtube.com/embed/3wiIe_RPw1Q8344.html]
[www.mervynupton.co.uk/_/www.youtube.com/embed/S6KqmTzflNw8344.html]
[www.mervynupton.co.uk/_/www.youtube.com/embed/jjEuJLaAWeY8344.html]
[www.mervynupton.co.uk/_/www.youtube.com/embed/aY6G3oc2ixQ8344.html]
[www.mervynupton.co.uk/_/www.youtube.com/embed/_hVGRtqD79s8344.html]
[www.mervynupton.co.uk/_/www.youtube.com/embed/yxVSECxSCGo8344.html]
[www.mervynupton.co.uk/_/www.youtube.com/embed/AJ-Ms4TMCQ08344.html]
[www.mervynupton.co.uk/_/www.youtube.com/embed/a4Yd8g--G-I8344.html]
[www.mervynupton.co.uk/_/www.youtube.com/embed/2zno8HaTD_o8344.html]
[www.mervynupton.co.uk/_/www.youtube.com/embed/cYGSb0ooxvs8344.html]
[www.mervynupton.co.uk/_/www.youtube.com/embed/3_6znYKGss88344.html]
[www.mervynupton.co.uk/_/www.youtube.com/embed/Dw85-am4tM08344.html]
[www.mervynupton.co.uk/_/www.youtube.com/embed/6MF5ktIcU7I8344.html]
[www.mervynupton.co.uk/_/www.youtube.com/embed/PflH4hSzEgY8344.html]
[www.mervynupton.co.uk/_/www.youtube.com/embed/deEnnj5zIS4fbd8.html]
[www.mervynupton.co.uk/_/www.youtube.com/embed/B0VpFsHN1zk8344.html]
[www.mervynupton.co.uk/_/www.youtube.com/embed/Sp6UguF7F588344.html]
[www.mervynupton.co.uk/_/www.youtube.com/embed/8jzhdqAhjtE8344.html]
[www.mervynupton.co.uk/_/www.youtube.com/embed/oW7HYDJ6LkM8344.html]
[www.mervynupton.co.uk/_/www.youtube.com/embed/6VM0gWnmfxA8344.html]
[www.mervynupton.co.uk/_/www.youtube.com/embed/A5ItIQ61a0g8344.html]
[www.mervynupton.co.uk/_/www.youtube.com/embed/a5XC8yxNBco8344.html]
[www.mervynupton.co.uk/_/www.youtube.com/embed/67rj-L8g1CE8344.html]
[www.mervynupton.co.uk/_/www.youtube.com/embed/iOxG94RkZvc8344.html]
[www.mervynupton.co.uk/_/www.youtube.com/embed/Srw76nhUOTY8344.html]
[www.mervynupton.co.uk/_/www.youtube.com/embed/10eNmtri1o48344.html]
[www.mervynupton.co.uk/_/www.youtube.com/embed/dEcH4XbWbCY8344.html]
[www.mervynupton.co.uk/_/www.youtube.com/embed/6YXWo_EWBV48344.html]
[www.mervynupton.co.uk/_/www.youtube.com/embed/JbV8pv0uyzE8344.html]
[www.mervynupton.co.uk/_/www.youtube.com/embed/dobEhXQP6588344.html]
[www.mervynupton.co.uk/_/www.youtube.com/embed/cfy0VfMgeqU8344.html]
[www.mervynupton.co.uk/_/www.youtube.com/embed/QPGlSP0dbnoc537.html]
[www.mervynupton.co.uk/_/www.youtube.com/embed/qemMH6iNGbw8344.html]
[www.mervynupton.co.uk/_/www.youtube.com/embed/Igqf8sAskaw8344.html]
[www.mervynupton.co.uk/_/www.youtube.com/embed/NlSvaP38lv08344.html]
[www.mervynupton.co.uk/_/www.youtube.com/embed/2A6-ZvuKo0o8344.html]
[www.mervynupton.co.uk/_/www.youtube.com/embed/aGXOepwunsY8344.html]
[www.mervynupton.co.uk/_/www.youtube.com/embed/GraVRHuGWnE8344.html]
[www.mervynupton.co.uk/_/www.youtube.com/embed/tAjCQKpicq08344.html]
[www.mervynupton.co.uk/_/www.youtube.com/embed/Ogm2MSDgkWI8344.html]
[www.mervynupton.co.uk/_/www.youtube.com/embed/WTZW5E1cbJo8344.html]
[www.mervynupton.co.uk/_/www.youtube.com/embed/p-xqprfKI2c8344.html]
[www.mervynupton.co.uk/_/www.youtube.com/embed/ybsX_I-6h9I8344.html]
[www.mervynupton.co.uk/_/www.youtube.com/embed/6_K2Xag7uZw8344.html]
[www.mervynupton.co.uk/_/www.youtube.com/embed/mXGwGNCyK0Y8344.html]
[www.mervynupton.co.uk/_/www.youtube.com/embed/PBCm0j2DlW88344.html]
[www.mervynupton.co.uk/_/www.youtube.com/embed/AU2ueUADlk08344.html]
[www.mervynupton.co.uk/_/www.youtube.com/embed/_47RdR72wjU8344.html]
[www.mervynupton.co.uk/_/www.youtube.com/embed/E2JAoqAYudI8344.html]
[www.mervynupton.co.uk/_/www.youtube.com/embed/Fb6MIn7TFDE8344.html]
[www.mervynupton.co.uk/_/www.youtube.com/embed/4YERhkcXQ388344.html]
[www.mervynupton.co.uk/_/www.youtube.com/embed/IBVPt8rRmDQ8344.html]
[www.mervynupton.co.uk/_/www.youtube.com/embed/9fpDajVaQBc8344.html]
[www.mervynupton.co.uk/_/www.youtube.com/embed/Eo3OIbOQM3s2420.html]
[www.mervynupton.co.uk/_/www.youtube.com/embed/Y6XNKpzVl3A8344.html]
[www.mervynupton.co.uk/_/www.youtube.com/embed/lvwo79gdncw8344.html]
[www.mervynupton.co.uk/childhood-school-days/index.html]
[www.mervynupton.co.uk/mervyns-war-years/index.html]
[www.mervynupton.co.uk/national-service/index.html]
[www.mervynupton.co.uk/college-years/index.html]
[www.mervynupton.co.uk/career-years/index.html]
[www.mervynupton.co.uk/mervyns-memories-of-friends/index.html]
[www.mervynupton.co.uk/local-community/index.html]
[www.mervynupton.co.uk/mervyns-memories-of-eastville-park-methodist-church/index.html]
[www.mervynupton.co.uk/mervyns-hobbies/index.html]
[www.mervynupton.co.uk/other-memories/index.html]
[www.mervynupton.co.uk/mervyns-memories-of-holidays-over-the-years/index.html]
[www.mervynupton.co.uk/celebrations/index.html]
[www.mervynupton.co.uk/mervyns-memories-of-holidays-over-the-years/index.html]
[www.mervynupton.co.uk/celebrations/index.html]
[www.mervynupton.co.uk/other-memories/index.html]
